
> next-hello@0.1.0 dev
> next dev --port 3002

▲ Next.js 16.1.6 (Turbopack)
- Local:         http://localhost:3002
- Network:       http://172.20.10.2:3002
- Environments: .env.local

✓ Starting...
✓ Ready in 1373ms
 GET / 200 in 2.8s (compile: 1913ms, render: 839ms)
 GET /api/osm?lng=151.20857411531236&lat=-33.92583357217467 200 in 3.1s (compile: 1150ms, render: 1918ms)
 GET / 200 in 92ms (compile: 11ms, render: 81ms)
 GET /api/osm?lng=151.20857411531236&lat=-33.92583357217467 200 in 2.7s (compile: 26ms, render: 2.6s)
✓ Compiled in 43ms
 GET / 200 in 725ms (compile: 197ms, render: 528ms)
 GET /api/osm?lng=151.2093&lat=-33.8688 200 in 1804ms (compile: 7ms, render: 1797ms)
 GET / 200 in 67ms (compile: 8ms, render: 59ms)
 GET /api/osm?lng=151.20857675990916&lat=-33.92586712744974 200 in 6.5s (compile: 89ms, render: 6.4s)
✓ Compiled in 43ms
 GET / 200 in 621ms (compile: 164ms, render: 457ms)
 GET /api/osm?lng=151.20859540737914&lat=-33.92583922517453 200 in 2.4s (compile: 31ms, render: 2.4s)
✓ Compiled in 38ms
 GET / 200 in 567ms (compile: 145ms, render: 421ms)
 GET /api/osm?lng=151.20858485989044&lat=-33.92582904311366 200 in 6.2s (compile: 7ms, render: 6.2s)
✓ Compiled in 35ms
 GET / 200 in 574ms (compile: 170ms, render: 404ms)
 GET /api/osm?lng=151.2085901549586&lat=-33.92586261363636 200 in 6.7s (compile: 5ms, render: 6.7s)
✓ Compiled in 44ms
✓ Compiled in 100ms
 GET /api/osm?lng=151.20858549019607&lat=-33.925832209011254 200 in 2.3s (compile: 142ms, render: 2.1s)
 GET / 200 in 671ms (compile: 211ms, render: 460ms)
 GET /api/osm?lng=151.2085797250949&lat=-33.92584952131488 200 in 4.2s (compile: 4ms, render: 4.2s)
 GET / 200 in 70ms (compile: 6ms, render: 64ms)
 GET /api/osm?lng=151.20859100377257&lat=-33.92585252357855 200 in 6.6s (compile: 20ms, render: 6.6s)
✓ Compiled in 31ms
✓ Compiled in 24ms
✓ Compiled in 68ms
 GET / 200 in 525ms (compile: 114ms, render: 412ms)
✓ Compiled in 20ms
✓ Compiled in 10ms
✓ Compiled in 13ms
✓ Compiled in 24ms
 GET / 500 in 1384ms (compile: 1022ms, render: 362ms)
 GET / 500 in 51ms (compile: 26ms, render: 24ms)
 GET / 500 in 33ms (compile: 18ms, render: 15ms)
 GET / 500 in 35ms (compile: 20ms, render: 14ms)
✓ Compiled in 7ms
 GET / 200 in 437ms (compile: 139ms, render: 298ms)
✓ Compiled in 29ms
✓ Compiled in 19ms
✓ Compiled in 8ms
✓ Compiled in 14ms
 GET / 200 in 425ms (compile: 130ms, render: 295ms)
✓ Compiled in 33ms
 GET / 200 in 452ms (compile: 100ms, render: 351ms)
✓ Compiled in 142ms
 GET / 200 in 455ms (compile: 125ms, render: 330ms)
✓ Compiled in 13ms
✓ Compiled in 16ms
✓ Compiled in 11ms
✓ Compiled in 6ms
✓ Compiled in 10ms
✓ Compiled in 8ms
✓ Compiled in 17ms
✓ Compiled in 11ms
✓ Compiled in 16ms
✓ Compiled in 58ms
 GET / 200 in 453ms (compile: 150ms, render: 303ms)
